// Jest Snapshot v1, https://goo.gl/fbAQLP

exports[`<Error /> Should render correctly 1`] = `
<div
  className="container center-align error-page"
>
  <h3
    className="error-title"
  >
    Ops, something went wrong!
  </h3>
  <p
    className="error-text"
  >
    This page doesn't exist
  </p>
  <a
    className="error-link waves-effect waves-light btn"
    href="/"
    onClick={[Function]}
  >
    Go back to the home page
  </a>
</div>
`;
